{
  "formfactor": "mini-tower",
  "vendor": "Hewlett-Packard",
  "Hypervisor": null,
  "Devices": [
    {
      "vendorID": "0000",
      "description": "1589",
      "subsysVendorID": "0000",
      "bus": "Unknown",
      "driver": "pcieport",
      "deviceID": "0000",
      "subsysDeviceID": "0000",
      "type": "BUS"
    },
    {
      "vendorID": "8086",
      "description": "Xeon E5/Core i7 DMI2",
      "subsysVendorID": "0000",
      "bus": "pci",
      "driver": "pcieport",
      "deviceID": "3C00",
      "subsysDeviceID": "0000",
      "type": "BRIDGE"
    },
    {
      "vendorID": "8086",
      "description": "Xeon E5/Core i7 IIO PCI Express Root Port 1a",
      "subsysVendorID": "0000",
      "bus": "pci",
      "driver": "pcieport",
      "deviceID": "3C02",
      "subsysDeviceID": "0000",
      "type": "BRIDGE"
    },
    {
      "vendorID": "8086",
      "description": "Xeon E5/Core i7 IIO PCI Express Root Port 2a",
      "subsysVendorID": "0000",
      "bus": "pci",
      "driver": "pcieport",
      "deviceID": "3C04",
      "subsysDeviceID": "0000",
      "type": "BRIDGE"
    },
    {
      "vendorID": "10DE",
      "description": "GF106GL [Quadro 2000]",
      "subsysVendorID": "103C",
      "bus": "pci",
      "driver": "nouveau",
      "deviceID": "0DD8",
      "subsysDeviceID": "084A",
      "type": "VIDEO"
    },
    {
      "vendorID": "10DE",
      "description": "GF106 High Definition Audio Controller",
      "subsysVendorID": "103C",
      "bus": "pci",
      "driver": "snd_hda_intel",
      "deviceID": "0BE9",
      "subsysDeviceID": "084A",
      "type": "AUDIO"
    },
    {
      "vendorID": "8086",
      "description": "Xeon E5/Core i7 IIO PCI Express Root Port 3a in PCI Express Mode",
      "subsysVendorID": "0000",
      "bus": "pci",
      "driver": "pcieport",
      "deviceID": "3C08",
      "subsysDeviceID": "0000",
      "type": "BRIDGE"
    },
    {
      "vendorID": "8086",
      "description": "Xeon E5/Core i7 Address Map, VTd_Misc, System Management",
      "subsysVendorID": "103C",
      "bus": "pci",
      "driver": "Unknown",
      "deviceID": "3C28",
      "subsysDeviceID": "1589",
      "type": "GENERIC"
    },
    {
      "vendorID": "8086",
      "description": "Xeon E5/Core i7 Control Status and Global Errors",
      "subsysVendorID": "103C",
      "bus": "pci",
      "driver": "Unknown",
      "deviceID": "3C2A",
      "subsysDeviceID": "1589",
      "type": "GENERIC"
    },
    {
      "vendorID": "8086",
      "description": "Xeon E5/Core i7 I/O APIC",
      "subsysVendorID": "8086",
      "bus": "pci",
      "driver": "Unknown",
      "deviceID": "3C2C",
      "subsysDeviceID": "3C2C",
      "type": "GENERIC"
    },
    {
      "vendorID": "8086",
      "description": "C600/X79 series chipset PCI Express Virtual Root Port",
      "subsysVendorID": "0000",
      "bus": "pci",
      "driver": "pcieport",
      "deviceID": "1D3E",
      "subsysDeviceID": "0000",
      "type": "BRIDGE"
    },
    {
      "vendorID": "8086",
      "description": "C602 chipset 4-Port SATA Storage Control Unit",
      "subsysVendorID": "103C",
      "bus": "pci",
      "driver": "isci",
      "deviceID": "1D6B",
      "subsysDeviceID": "1589",
      "type": "STORAGE"
    },
    {
      "vendorID": "8086",
      "description": "C600/X79 series chipset MEI Controller #1",
      "subsysVendorID": "103C",
      "bus": "pci",
      "driver": "mei_me",
      "deviceID": "1D3A",
      "subsysDeviceID": "1589",
      "type": "COMMUNICATION"
    },
    {
      "vendorID": "8086",
      "description": "C600/X79 series chipset IDE-r Controller",
      "subsysVendorID": "103C",
      "bus": "pci",
      "driver": "ata_generic",
      "deviceID": "1D3C",
      "subsysDeviceID": "1589",
      "type": "IDE"
    },
    {
      "vendorID": "8086",
      "description": "C600/X79 series chipset KT Controller",
      "subsysVendorID": "103C",
      "bus": "pci",
      "driver": "serial",
      "deviceID": "1D3D",
      "subsysDeviceID": "1589",
      "type": "COMMUNICATION"
    },
    {
      "vendorID": "8086",
      "description": "82579LM Gigabit Network Connection",
      "subsysVendorID": "103C",
      "bus": "pci",
      "driver": "e1000e",
      "deviceID": "1502",
      "subsysDeviceID": "1589",
      "type": "NETWORK"
    },
    {
      "vendorID": "8086",
      "description": "C600/X79 series chipset USB2 Enhanced Host Controller #2",
      "subsysVendorID": "103C",
      "bus": "pci",
      "driver": "ehci-pci",
      "deviceID": "1D2D",
      "subsysDeviceID": "1589",
      "type": "BUS"
    },
    {
      "vendorID": "1D6B",
      "description": "EHCI Host Controller",
      "subsysVendorID": "0000",
      "bus": "usb",
      "driver": "hub",
      "deviceID": "0002",
      "subsysDeviceID": "0000",
      "type": "BUS"
    },
    {
      "vendorID": "8087",
      "description": "Integrated Rate Matching Hub",
      "subsysVendorID": "0000",
      "bus": "usb",
      "driver": "hub",
      "deviceID": "0024",
      "subsysDeviceID": "0000",
      "type": "BUS"
    },
    {
      "vendorID": "046D",
      "description": "USB Keyboard",
      "subsysVendorID": "0000",
      "bus": "usb",
      "driver": "usbhid",
      "deviceID": "C31D",
      "subsysDeviceID": "0000",
      "type": "INPUT"
    },
    {
      "vendorID": "8086",
      "description": "C600/X79 series chipset High Definition Audio Controller",
      "subsysVendorID": "103C",
      "bus": "pci",
      "driver": "snd_hda_intel",
      "deviceID": "1D20",
      "subsysDeviceID": "1589",
      "type": "AUDIO"
    },
    {
      "vendorID": "8086",
      "description": "C600/X79 series chipset PCI Express Root Port 2",
      "subsysVendorID": "0000",
      "bus": "pci",
      "driver": "pcieport",
      "deviceID": "1D12",
      "subsysDeviceID": "0000",
      "type": "BRIDGE"
    },
    {
      "vendorID": "8086",
      "description": "C600/X79 series chipset PCI Express Root Port 5",
      "subsysVendorID": "0000",
      "bus": "pci",
      "driver": "pcieport",
      "deviceID": "1D18",
      "subsysDeviceID": "0000",
      "type": "BRIDGE"
    },
    {
      "vendorID": "8086",
      "description": "C600/X79 series chipset PCI Express Root Port 3",
      "subsysVendorID": "0000",
      "bus": "pci",
      "driver": "pcieport",
      "deviceID": "1D14",
      "subsysDeviceID": "0000",
      "type": "BRIDGE"
    },
    {
      "vendorID": "8086",
      "description": "C600/X79 series chipset PCI Express Root Port 4",
      "subsysVendorID": "0000",
      "bus": "pci",
      "driver": "pcieport",
      "deviceID": "1D16",
      "subsysDeviceID": "0000",
      "type": "BRIDGE"
    },
    {
      "vendorID": "104C",
      "description": "TUSB73x0 SuperSpeed USB 3.0 xHCI Host Controller",
      "subsysVendorID": "103C",
      "bus": "pci",
      "driver": "xhci_hcd",
      "deviceID": "8241",
      "subsysDeviceID": "1589",
      "type": "BUS"
    },
    {
      "vendorID": "1D6B",
      "description": "xHCI Host Controller",
      "subsysVendorID": "0000",
      "bus": "usb",
      "driver": "hub",
      "deviceID": "0003",
      "subsysDeviceID": "0000",
      "type": "BUS"
    },
    {
      "vendorID": "1D6B",
      "description": "xHCI Host Controller",
      "subsysVendorID": "0000",
      "bus": "usb",
      "driver": "hub",
      "deviceID": "0002",
      "subsysDeviceID": "0000",
      "type": "BUS"
    },
    {
      "vendorID": "046D",
      "description": "USB Receiver",
      "subsysVendorID": "0000",
      "bus": "usb",
      "driver": "usbhid",
      "deviceID": "C52B",
      "subsysDeviceID": "0000",
      "type": "INPUT"
    },
    {
      "vendorID": "8086",
      "description": "C600/X79 series chipset USB2 Enhanced Host Controller #1",
      "subsysVendorID": "103C",
      "bus": "pci",
      "driver": "ehci-pci",
      "deviceID": "1D26",
      "subsysDeviceID": "1589",
      "type": "BUS"
    },
    {
      "vendorID": "1D6B",
      "description": "EHCI Host Controller",
      "subsysVendorID": "0000",
      "bus": "usb",
      "driver": "hub",
      "deviceID": "0002",
      "subsysDeviceID": "0000",
      "type": "BUS"
    },
    {
      "vendorID": "8087",
      "description": "Integrated Rate Matching Hub",
      "subsysVendorID": "0000",
      "bus": "usb",
      "driver": "hub",
      "deviceID": "0024",
      "subsysDeviceID": "0000",
      "type": "BUS"
    },
    {
      "vendorID": "8086",
      "description": "82801 PCI Bridge",
      "subsysVendorID": "0000",
      "bus": "pci",
      "driver": "firewire_ohci",
      "deviceID": "244E",
      "subsysDeviceID": "0000",
      "type": "BRIDGE"
    },
    {
      "vendorID": "11C1",
      "description": "FW322/323 [TrueFire] 1394a Controller",
      "subsysVendorID": "103C",
      "bus": "pci",
      "driver": "firewire_ohci",
      "deviceID": "5811",
      "subsysDeviceID": "1589",
      "type": "BUS"
    },
    {
      "vendorID": "8086",
      "description": "C600/X79 series chipset LPC Controller",
      "subsysVendorID": "103C",
      "bus": "pci",
      "driver": "lpc_ich",
      "deviceID": "1D41",
      "subsysDeviceID": "1589",
      "type": "BRIDGE"
    },
    {
      "vendorID": "8086",
      "description": "C600/X79 series chipset SATA RAID Controller",
      "subsysVendorID": "103C",
      "bus": "pci",
      "driver": "ahci",
      "deviceID": "2826",
      "subsysDeviceID": "1589",
      "type": "STORAGE"
    },
    {
      "vendorID": "8086",
      "description": "C600/X79 series chipset SMBus Host Controller",
      "subsysVendorID": "103C",
      "bus": "pci",
      "driver": "i801_smbus",
      "deviceID": "1D22",
      "subsysDeviceID": "1589",
      "type": "BUS"
    },
    {
      "vendorID": "8086",
      "description": "Xeon E5/Core i7 QPI Link 0",
      "subsysVendorID": "8086",
      "bus": "pci",
      "driver": "Unknown",
      "deviceID": "3C80",
      "subsysDeviceID": "0000",
      "type": "GENERIC"
    },
    {
      "vendorID": "8086",
      "description": "Xeon E5/Core i7 QPI Link Reut 0",
      "subsysVendorID": "8086",
      "bus": "pci",
      "driver": "Unknown",
      "deviceID": "3C83",
      "subsysDeviceID": "0000",
      "type": "GENERIC"
    },
    {
      "vendorID": "8086",
      "description": "Xeon E5/Core i7 QPI Link Reut 0",
      "subsysVendorID": "8086",
      "bus": "pci",
      "driver": "Unknown",
      "deviceID": "3C84",
      "subsysDeviceID": "0000",
      "type": "GENERIC"
    },
    {
      "vendorID": "8086",
      "description": "Xeon E5/Core i7 QPI Link 1",
      "subsysVendorID": "8086",
      "bus": "pci",
      "driver": "Unknown",
      "deviceID": "3C90",
      "subsysDeviceID": "0000",
      "type": "GENERIC"
    },
    {
      "vendorID": "8086",
      "description": "Xeon E5/Core i7 QPI Link Reut 1",
      "subsysVendorID": "8086",
      "bus": "pci",
      "driver": "Unknown",
      "deviceID": "3C93",
      "subsysDeviceID": "0000",
      "type": "GENERIC"
    },
    {
      "vendorID": "8086",
      "description": "Xeon E5/Core i7 QPI Link Reut 1",
      "subsysVendorID": "8086",
      "bus": "pci",
      "driver": "Unknown",
      "deviceID": "3C94",
      "subsysDeviceID": "0000",
      "type": "GENERIC"
    },
    {
      "vendorID": "8086",
      "description": "Xeon E5/Core i7 Power Control Unit 0",
      "subsysVendorID": "8086",
      "bus": "pci",
      "driver": "Unknown",
      "deviceID": "3CC0",
      "subsysDeviceID": "0000",
      "type": "GENERIC"
    },
    {
      "vendorID": "8086",
      "description": "Xeon E5/Core i7 Power Control Unit 1",
      "subsysVendorID": "8086",
      "bus": "pci",
      "driver": "Unknown",
      "deviceID": "3CC1",
      "subsysDeviceID": "0000",
      "type": "GENERIC"
    },
    {
      "vendorID": "8086",
      "description": "Xeon E5/Core i7 Power Control Unit 2",
      "subsysVendorID": "8086",
      "bus": "pci",
      "driver": "Unknown",
      "deviceID": "3CC2",
      "subsysDeviceID": "0000",
      "type": "GENERIC"
    },
    {
      "vendorID": "8086",
      "description": "Xeon E5/Core i7 Power Control Unit 3",
      "subsysVendorID": "8086",
      "bus": "pci",
      "driver": "Unknown",
      "deviceID": "3CD0",
      "subsysDeviceID": "0000",
      "type": "GENERIC"
    },
    {
      "vendorID": "8086",
      "description": "Xeon E5/Core i7 Interrupt Control Registers",
      "subsysVendorID": "8086",
      "bus": "pci",
      "driver": "Unknown",
      "deviceID": "3CE0",
      "subsysDeviceID": "0000",
      "type": "GENERIC"
    },
    {
      "vendorID": "8086",
      "description": "Xeon E5/Core i7 Semaphore and Scratchpad Configuration Registers",
      "subsysVendorID": "8086",
      "bus": "pci",
      "driver": "Unknown",
      "deviceID": "3CE3",
      "subsysDeviceID": "0000",
      "type": "GENERIC"
    },
    {
      "vendorID": "8086",
      "description": "Xeon E5/Core i7 Unicast Register 0",
      "subsysVendorID": "8086",
      "bus": "pci",
      "driver": "Unknown",
      "deviceID": "3CE8",
      "subsysDeviceID": "0000",
      "type": "GENERIC"
    },
    {
      "vendorID": "8086",
      "description": "Xeon E5/Core i7 Unicast Register 0",
      "subsysVendorID": "8086",
      "bus": "pci",
      "driver": "Unknown",
      "deviceID": "3CE8",
      "subsysDeviceID": "0000",
      "type": "GENERIC"
    },
    {
      "vendorID": "8086",
      "description": "Xeon E5/Core i7 Integrated Memory Controller System Address Decoder 0",
      "subsysVendorID": "8086",
      "bus": "pci",
      "driver": "Unknown",
      "deviceID": "3CF4",
      "subsysDeviceID": "0000",
      "type": "GENERIC"
    },
    {
      "vendorID": "8086",
      "description": "Xeon E5/Core i7 System Address Decoder",
      "subsysVendorID": "8086",
      "bus": "pci",
      "driver": "Unknown",
      "deviceID": "3CF6",
      "subsysDeviceID": "0000",
      "type": "GENERIC"
    },
    {
      "vendorID": "8086",
      "description": "Xeon E5/Core i7 Unicast Register 0",
      "subsysVendorID": "8086",
      "bus": "pci",
      "driver": "Unknown",
      "deviceID": "3CE8",
      "subsysDeviceID": "0000",
      "type": "GENERIC"
    },
    {
      "vendorID": "8086",
      "description": "Xeon E5/Core i7 Unicast Register 0",
      "subsysVendorID": "8086",
      "bus": "pci",
      "driver": "Unknown",
      "deviceID": "3CE8",
      "subsysDeviceID": "0000",
      "type": "GENERIC"
    },
    {
      "vendorID": "8086",
      "description": "Xeon E5/Core i7 Integrated Memory Controller System Address Decoder 1",
      "subsysVendorID": "8086",
      "bus": "pci",
      "driver": "Unknown",
      "deviceID": "3CF5",
      "subsysDeviceID": "0000",
      "type": "GENERIC"
    },
    {
      "vendorID": "8086",
      "description": "Xeon E5/Core i7 Processor Home Agent",
      "subsysVendorID": "0000",
      "bus": "pci",
      "driver": "Unknown",
      "deviceID": "3CA0",
      "subsysDeviceID": "0000",
      "type": "GENERIC"
    },
    {
      "vendorID": "8086",
      "description": "Xeon E5/Core i7 Processor Home Agent Performance Monitoring",
      "subsysVendorID": "0000",
      "bus": "pci",
      "driver": "snbep_uncore",
      "deviceID": "3C46",
      "subsysDeviceID": "0000",
      "type": "GENERIC"
    },
    {
      "vendorID": "8086",
      "description": "Xeon E5/Core i7 Integrated Memory Controller Registers",
      "subsysVendorID": "8086",
      "bus": "pci",
      "driver": "sbridge_edac",
      "deviceID": "3CA8",
      "subsysDeviceID": "0000",
      "type": "GENERIC"
    },
    {
      "vendorID": "8086",
      "description": "Xeon E5/Core i7 Integrated Memory Controller RAS Registers",
      "subsysVendorID": "8086",
      "bus": "pci",
      "driver": "Unknown",
      "deviceID": "3C71",
      "subsysDeviceID": "0000",
      "type": "GENERIC"
    },
    {
      "vendorID": "8086",
      "description": "Xeon E5/Core i7 Integrated Memory Controller Target Address Decoder 0",
      "subsysVendorID": "8086",
      "bus": "pci",
      "driver": "Unknown",
      "deviceID": "3CAA",
      "subsysDeviceID": "0000",
      "type": "GENERIC"
    },
    {
      "vendorID": "8086",
      "description": "Xeon E5/Core i7 Integrated Memory Controller Target Address Decoder 1",
      "subsysVendorID": "8086",
      "bus": "pci",
      "driver": "Unknown",
      "deviceID": "3CAB",
      "subsysDeviceID": "0000",
      "type": "GENERIC"
    },
    {
      "vendorID": "8086",
      "description": "Xeon E5/Core i7 Integrated Memory Controller Target Address Decoder 2",
      "subsysVendorID": "8086",
      "bus": "pci",
      "driver": "Unknown",
      "deviceID": "3CAC",
      "subsysDeviceID": "0000",
      "type": "GENERIC"
    },
    {
      "vendorID": "8086",
      "description": "Xeon E5/Core i7 Integrated Memory Controller Target Address Decoder 3",
      "subsysVendorID": "8086",
      "bus": "pci",
      "driver": "Unknown",
      "deviceID": "3CAD",
      "subsysDeviceID": "0000",
      "type": "GENERIC"
    },
    {
      "vendorID": "8086",
      "description": "Xeon E5/Core i7 Integrated Memory Controller Target Address Decoder 4",
      "subsysVendorID": "8086",
      "bus": "pci",
      "driver": "Unknown",
      "deviceID": "3CAE",
      "subsysDeviceID": "0000",
      "type": "GENERIC"
    },
    {
      "vendorID": "8086",
      "description": "Xeon E5/Core i7 Integrated Memory Controller Channel 0-3 Thermal Control 0",
      "subsysVendorID": "8086",
      "bus": "pci",
      "driver": "snbep_uncore",
      "deviceID": "3CB0",
      "subsysDeviceID": "0000",
      "type": "GENERIC"
    },
    {
      "vendorID": "8086",
      "description": "Xeon E5/Core i7 Integrated Memory Controller Channel 0-3 Thermal Control 1",
      "subsysVendorID": "8086",
      "bus": "pci",
      "driver": "snbep_uncore",
      "deviceID": "3CB1",
      "subsysDeviceID": "0000",
      "type": "GENERIC"
    },
    {
      "vendorID": "8086",
      "description": "Xeon E5/Core i7 Integrated Memory Controller ERROR Registers 0",
      "subsysVendorID": "8086",
      "bus": "pci",
      "driver": "Unknown",
      "deviceID": "3CB2",
      "subsysDeviceID": "0000",
      "type": "GENERIC"
    },
    {
      "vendorID": "8086",
      "description": "Xeon E5/Core i7 Integrated Memory Controller ERROR Registers 1",
      "subsysVendorID": "8086",
      "bus": "pci",
      "driver": "Unknown",
      "deviceID": "3CB3",
      "subsysDeviceID": "0000",
      "type": "GENERIC"
    },
    {
      "vendorID": "8086",
      "description": "Xeon E5/Core i7 Integrated Memory Controller Channel 0-3 Thermal Control 2",
      "subsysVendorID": "8086",
      "bus": "pci",
      "driver": "snbep_uncore",
      "deviceID": "3CB4",
      "subsysDeviceID": "0000",
      "type": "GENERIC"
    },
    {
      "vendorID": "8086",
      "description": "Xeon E5/Core i7 Integrated Memory Controller Channel 0-3 Thermal Control 3",
      "subsysVendorID": "8086",
      "bus": "pci",
      "driver": "snbep_uncore",
      "deviceID": "3CB5",
      "subsysDeviceID": "0000",
      "type": "GENERIC"
    },
    {
      "vendorID": "8086",
      "description": "Xeon E5/Core i7 Integrated Memory Controller ERROR Registers 2",
      "subsysVendorID": "8086",
      "bus": "pci",
      "driver": "Unknown",
      "deviceID": "3CB6",
      "subsysDeviceID": "0000",
      "type": "GENERIC"
    },
    {
      "vendorID": "8086",
      "description": "Xeon E5/Core i7 Integrated Memory Controller ERROR Registers 3",
      "subsysVendorID": "8086",
      "bus": "pci",
      "driver": "Unknown",
      "deviceID": "3CB7",
      "subsysDeviceID": "0000",
      "type": "GENERIC"
    },
    {
      "vendorID": "8086",
      "description": "Xeon E5/Core i7 DDRIO",
      "subsysVendorID": "8086",
      "bus": "pci",
      "driver": "Unknown",
      "deviceID": "3CB8",
      "subsysDeviceID": "0000",
      "type": "GENERIC"
    },
    {
      "vendorID": "8086",
      "description": "Xeon E5/Core i7 R2PCIe",
      "subsysVendorID": "8086",
      "bus": "pci",
      "driver": "Unknown",
      "deviceID": "3CE4",
      "subsysDeviceID": "0000",
      "type": "GENERIC"
    },
    {
      "vendorID": "8086",
      "description": "Xeon E5/Core i7 Ring to PCI Express Performance Monitor",
      "subsysVendorID": "8086",
      "bus": "pci",
      "driver": "snbep_uncore",
      "deviceID": "3C43",
      "subsysDeviceID": "0000",
      "type": "GENERIC"
    },
    {
      "vendorID": "8086",
      "description": "Xeon E5/Core i7 QuickPath Interconnect Agent Ring Registers",
      "subsysVendorID": "8086",
      "bus": "pci",
      "driver": "Unknown",
      "deviceID": "3CE6",
      "subsysDeviceID": "0000",
      "type": "GENERIC"
    },
    {
      "vendorID": "8086",
      "description": "Xeon E5/Core i7 Ring to QuickPath Interconnect Link 0 Performance Monitor",
      "subsysVendorID": "8086",
      "bus": "pci",
      "driver": "snbep_uncore",
      "deviceID": "3C44",
      "subsysDeviceID": "0000",
      "type": "GENERIC"
    },
    {
      "vendorID": "8086",
      "description": "Xeon E5/Core i7 Ring to QuickPath Interconnect Link 1 Performance Monitor",
      "subsysVendorID": "8086",
      "bus": "pci",
      "driver": "snbep_uncore",
      "deviceID": "3C45",
      "subsysDeviceID": "0000",
      "type": "GENERIC"
    },
    {
      "vendorID": "0000",
      "description": "Standard Efficiency",
      "subsysVendorID": "0000",
      "bus": "Unknown",
      "driver": "Unknown",
      "deviceID": "0000",
      "subsysDeviceID": "0000",
      "type": "POWER"
    },
    {
      "vendorID": "0000",
      "description": "Standard Efficiency",
      "subsysVendorID": "0000",
      "bus": "Unknown",
      "driver": "Unknown",
      "deviceID": "0000",
      "subsysDeviceID": "0000",
      "type": "POWER"
    },
    {
      "vendorID": "0000",
      "description": "Ethernet interface",
      "subsysVendorID": "0000",
      "bus": "Unknown",
      "driver": "veth",
      "deviceID": "0000",
      "subsysDeviceID": "0000",
      "type": "NETWORK"
    },
    {
      "vendorID": "0000",
      "description": "Ethernet interface",
      "subsysVendorID": "0000",
      "bus": "Unknown",
      "driver": "tun",
      "deviceID": "0000",
      "subsysDeviceID": "0000",
      "type": "NETWORK"
    },
    {
      "vendorID": "0000",
      "description": "Ethernet interface",
      "subsysVendorID": "0000",
      "bus": "Unknown",
      "driver": "tun",
      "deviceID": "0000",
      "subsysDeviceID": "0000",
      "type": "NETWORK"
    },
    {
      "vendorID": "0000",
      "description": "Ethernet interface",
      "subsysVendorID": "0000",
      "bus": "Unknown",
      "driver": "tun",
      "deviceID": "0000",
      "subsysDeviceID": "0000",
      "type": "NETWORK"
    }
  ],
  "Numa": {
    "nodes": 1
  },
  "memory": 24576,
  "model": "HP Z420 Workstation (B5S46PA#ABG)",
  "Disk": {
    "Disks": [
      {
        "sector_size": "512",
        "model": "Hitachi HDS72101",
        "phys_sector_size": "512",
        "size": "1000204886016"
      }
    ]
  },
  "Arch": [
    "x86_64"
  ],
  "Cpu": {
    "modelName": "Xeon",
    "vendor": "GenuineIntel",
    "processors": 8,
    "family": 6,
    "CpuFlags": [
      "lm",
      "fpu",
      "fpu_exception",
      "wp",
      "vme",
      "de",
      "pse",
      "tsc",
      "msr",
      "pae",
      "mce",
      "cx8",
      "apic",
      "sep",
      "mtrr",
      "pge",
      "mca",
      "cmov",
      "pat",
      "pse36",
      "clflush",
      "dts",
      "acpi",
      "mmx",
      "fxsr",
      "sse",
      "sse2",
      "ss",
      "ht",
      "tm",
      "pbe",
      "syscall",
      "nx",
      "pdpe1gb",
      "rdtscp",
      "constant_tsc",
      "arch_perfmon",
      "pebs",
      "bts",
      "rep_good",
      "nopl",
      "xtopology",
      "nonstop_tsc",
      "aperfmperf",
      "eagerfpu",
      "pni",
      "pclmulqdq",
      "dtes64",
      "monitor",
      "ds_cpl",
      "vmx",
      "smx",
      "est",
      "tm2",
      "ssse3",
      "cx16",
      "xtpr",
      "pdcm",
      "pcid",
      "dca",
      "sse4_1",
      "sse4_2",
      "x2apic",
      "popcnt",
      "tsc_deadline_timer",
      "aes",
      "xsave",
      "avx",
      "lahf_lm",
      "ida",
      "arat",
      "epb",
      "xsaveopt",
      "pln",
      "pts",
      "dtherm",
      "tpr_shadow",
      "vnmi",
      "flexpriority",
      "ept",
      "vpid",
      "cpufreq"
    ],
    "stepping": 7,
    "cores": 4,
    "model": 45,
    "speed": 1417.781,
    "sockets": 1
  }
}
